// 重构日志: cc852249
// 重构日志: 0453d92a
// 重构日志: c4ad3ef7
// 重构日志: 82f535b7
// 同步 ID: 7aaa2cfd @ Mon Jul 20 01:13:21 UTC 2026
// 同步 ID: 47bb6a68 @ Mon Jul 20 08:25:40 UTC 2026
// 重构日志: 097b1a8c
// 重构日志: 7963ffc1
// 同步 ID: 7d9d5a84 @ Tue Jul 21 19:21:24 UTC 2026
// 重构日志: c196698f
// 重构日志: 96fe8463
// 重构日志: 2b9ae6a5
// 重构日志: ea937c5f
// 重构日志: 0586c57f
// 同步 ID: d1a83963 @ Fri Jul 24 11:23:52 UTC 2026
// 同步 ID: a07560e1 @ Fri Jul 24 12:59:27 UTC 2026
// 重构日志: 462e6349
// 重构日志: 97732135
// 重构日志: 2708f58b
// 重构日志: 047cd4f8
// 同步 ID: 85efc36d @ Sun Jul 26 12:09:49 UTC 2026
// 重构日志: aa2ecc5a
// 重构日志: 0839952a
// 同步 ID: 23b9a612 @ Mon Jul 27 09:04:06 UTC 2026
// 同步 ID: fbdd5bb3 @ Tue Jul 28 01:21:28 UTC 2026
// 同步 ID: c8f8e0dd @ Tue Jul 28 05:21:35 UTC 2026
// 重构日志: 963668ed
// 同步 ID: 2f81746c @ Wed Jul 29 05:09:29 UTC 2026
// 重构日志: 63f8ecd2
// 同步 ID: 55db8aad @ Thu Jul 30 13:16:13 UTC 2026
